2025-12-15T21:00:37 | touched: scripts/deploy.js
2025-07-31T00:38:08 | touched: README.md
2025-02-21T00:24:16 | touched: LICENSE
2025-04-24T17:40:10 | touched: LICENSE
2025-01-09T06:43:00 | touched: test/Ipfsstorage.test.js
2025-07-13T16:40:20 | touched: LICENSE
2025-03-21T09:42:34 | touched: README.md
2025-11-28T01:16:36 | touched: README.md
2025-07-04T05:01:55 | touched: package.json
2025-07-19T18:59:35 | touched: contracts/Ipfsstorage.sol
2025-05-21T06:10:04 | touched: test/Ipfsstorage.test.js
2025-09-04T12:39:01 | touched: .env.example
2025-03-24T00:44:41 | touched: scripts/deploy.js
2025-02-16T01:07:10 | touched: contracts/Ipfsstorage.sol
2025-04-24T02:12:38 | touched: LICENSE
2025-10-30T16:30:00 | touched: contracts/Ipfsstorage.sol
2025-08-10T02:43:40 | touched: test/Ipfsstorage.test.js
2025-07-30T07:59:02 | touched: .env.example
2025-09-27T04:09:45 | touched: package.json
2025-09-07T03:35:10 | touched: package.json
2025-03-19T02:50:15 | touched: README.md
2025-01-16T10:02:54 | touched: .env.example
2025-07-20T23:18:50 | touched: .env.example
2025-06-22T01:51:55 | touched: hardhat.config.js
2025-07-28T04:03:21 | touched: hardhat.config.js
2025-06-01T06:33:14 | touched: LICENSE
2025-04-22T22:02:01 | touched: scripts/deploy.js
2025-09-11T22:58:38 | touched: scripts/deploy.js
2025-03-09T23:27:02 | touched: .env.example
2025-12-22T03:29:33 | touched: hardhat.config.js
2025-09-29T12:11:29 | touched: scripts/deploy.js
2025-05-04T08:54:20 | touched: contracts/Ipfsstorage.sol
2025-12-10T03:39:36 | touched: test/Ipfsstorage.test.js
2025-08-29T01:43:04 | touched: scripts/deploy.js
2025-11-08T07:03:30 | touched: hardhat.config.js
2025-08-25T13:56:18 | touched: scripts/deploy.js
2025-04-03T19:19:36 | touched: scripts/deploy.js
2025-04-07T18:18:02 | touched: LICENSE
2026-01-10T16:20:03 | touched: .env.example
2025-03-23T05:18:36 | touched: hardhat.config.js
2026-01-03T13:44:36 | touched: scripts/deploy.js
2025-03-28T18:05:52 | touched: LICENSE
2026-01-14T05:24:12 | touched: scripts/deploy.js
2025-01-09T17:40:51 | touched: .env.example
2026-01-14T01:54:21 | touched: LICENSE
2026-01-04T22:51:22 | touched: .env.example
2025-03-22T00:51:04 | touched: README.md
2025-03-11T12:10:34 | touched: hardhat.config.js
2025-01-29T08:49:47 | touched: test/Ipfsstorage.test.js
2026-01-03T22:30:10 | touched: LICENSE
2026-01-02T05:19:37 | touched: scripts/deploy.js
2026-01-14T14:10:43 | touched: contracts/Ipfsstorage.sol
2026-01-17T16:46:19 | touched: .env.example
2025-01-09T12:34:24 | touched: .env.example
2026-01-19T17:52:06 | touched: scripts/deploy.js
2025-05-14T23:46:14 | touched: package.json
2025-10-07T02:52:02 | touched: scripts/deploy.js
2026-01-06T23:50:06 | touched: README.md
2025-04-28T19:06:28 | touched: package.json
2026-01-01T23:05:44 | touched: README.md
2025-06-23T15:27:13 | touched: scripts/deploy.js
